DEBUG:__main__:Sanity Check: 4185 registros removidos (Erro > 5.0%).
DEBUG:__main__:[Step-1] Realizando Benchmark
DEBUG:__main__:Fold 0 - Model LRC: ROC-AUC=0.4518766257896693, F1=0.6010928961748634, Acc=0.4785714285714286, Pre=0.8333333333333334, Rec=0.4700854700854701
DEBUG:__main__:Fold 0 - Model RFC: ROC-AUC=0.46711259754738016, F1=0.825531914893617, Acc=0.7071428571428572, Pre=0.8220338983050848, Rec=0.8290598290598291
DEBUG:__main__:Fold 0 - Model SVC: ROC-AUC=0.4466740988480119, F1=0.5263157894736842, Acc=0.42142857142857143, Pre=0.8333333333333334, Rec=0.38461538461538464
DEBUG:__main__:Fold 0 - Model Ensemble_Voting: ROC-AUC=0.45187662578966925, F1=0.7911111111111111, Acc=0.6642857142857143, Pre=0.8240740740740741, Rec=0.7606837606837606
DEBUG:__main__:Fold 1 - Model LRC: ROC-AUC=0.591601635079896, F1=0.711340206185567, Acc=0.6, Pre=0.8961038961038961, Rec=0.5897435897435898
DEBUG:__main__:Fold 1 - Model RFC: ROC-AUC=0.5852842809364549, F1=0.8666666666666667, Acc=0.7714285714285715, Pre=0.8455284552845529, Rec=0.8888888888888888
DEBUG:__main__:Fold 1 - Model SVC: ROC-AUC=0.5845410628019324, F1=0.5632183908045977, Acc=0.45714285714285713, Pre=0.8596491228070176, Rec=0.4188034188034188
DEBUG:__main__:Fold 1 - Model Ensemble_Voting: ROC-AUC=0.6079524340393906, F1=0.8595744680851064, Acc=0.7642857142857142, Pre=0.8559322033898306, Rec=0.8632478632478633
DEBUG:__main__:Fold 2 - Model LRC: ROC-AUC=0.5013006317354144, F1=0.5371428571428571, Acc=0.42142857142857143, Pre=0.8103448275862069, Rec=0.4017094017094017
DEBUG:__main__:Fold 2 - Model RFC: ROC-AUC=0.43924191750278707, F1=0.8780487804878049, Acc=0.7857142857142857, Pre=0.8372093023255814, Rec=0.9230769230769231
DEBUG:__main__:Fold 2 - Model SVC: ROC-AUC=0.5020438498699369, F1=0.4375, Acc=0.35714285714285715, Pre=0.813953488372093, Rec=0.29914529914529914
DEBUG:__main__:Fold 2 - Model Ensemble_Voting: ROC-AUC=0.4533630620587142, F1=0.8103448275862069, Acc=0.6857142857142857, Pre=0.8173913043478261, Rec=0.8034188034188035
DEBUG:__main__:Fold 3 - Model LRC: ROC-AUC=0.4871794871794871, F1=0.5945945945945946, Acc=0.4642857142857143, Pre=0.8088235294117647, Rec=0.4700854700854701
DEBUG:__main__:Fold 3 - Model RFC: ROC-AUC=0.5655890003716091, F1=0.8833333333333333, Acc=0.8, Pre=0.8617886178861789, Rec=0.905982905982906
DEBUG:__main__:Fold 3 - Model SVC: ROC-AUC=0.4944258639910814, F1=0.5232558139534884, Acc=0.4142857142857143, Pre=0.8181818181818182, Rec=0.38461538461538464
DEBUG:__main__:Fold 3 - Model Ensemble_Voting: ROC-AUC=0.5020438498699369, F1=0.8739495798319328, Acc=0.7857142857142857, Pre=0.859504132231405, Rec=0.8888888888888888
DEBUG:__main__:Fold 4 - Model LRC: ROC-AUC=0.5295429208472687, F1=0.5901639344262295, Acc=0.4642857142857143, Pre=0.8181818181818182, Rec=0.46153846153846156
DEBUG:__main__:Fold 4 - Model RFC: ROC-AUC=0.5956893348197696, F1=0.8760330578512396, Acc=0.7857142857142857, Pre=0.848, Rec=0.905982905982906
DEBUG:__main__:Fold 4 - Model SVC: ROC-AUC=0.5522110739502044, F1=0.5301204819277109, Acc=0.44285714285714284, Pre=0.8979591836734694, Rec=0.37606837606837606
DEBUG:__main__:Fold 4 - Model Ensemble_Voting: ROC-AUC=0.5856558900037161, F1=0.8559322033898306, Acc=0.7571428571428571, Pre=0.8487394957983193, Rec=0.8632478632478633
DEBUG:__main__:Fold 5 - Model LRC: ROC-AUC=0.4656261612783352, F1=0.6282722513089005, Acc=0.4928571428571429, Pre=0.8108108108108109, Rec=0.5128205128205128
DEBUG:__main__:Fold 5 - Model RFC: ROC-AUC=0.5328874024526199, F1=0.8734693877551021, Acc=0.7785714285714286, Pre=0.8359375, Rec=0.9145299145299145
DEBUG:__main__:Fold 5 - Model SVC: ROC-AUC=0.4552211073950204, F1=0.5792349726775956, Acc=0.45, Pre=0.803030303030303, Rec=0.452991452991453
DEBUG:__main__:Fold 5 - Model Ensemble_Voting: ROC-AUC=0.5091044221479004, F1=0.8103448275862069, Acc=0.6857142857142857, Pre=0.8173913043478261, Rec=0.8034188034188035
DEBUG:__main__:Fold 6 - Model LRC: ROC-AUC=0.4979561501300632, F1=0.6310160427807486, Acc=0.5071428571428571, Pre=0.8428571428571429, Rec=0.5042735042735043
DEBUG:__main__:Fold 6 - Model RFC: ROC-AUC=0.5001858045336306, F1=0.8512396694214877, Acc=0.7428571428571429, Pre=0.824, Rec=0.8803418803418803
DEBUG:__main__:Fold 6 - Model SVC: ROC-AUC=0.5250836120401339, F1=0.5810055865921788, Acc=0.4642857142857143, Pre=0.8387096774193549, Rec=0.4444444444444444
DEBUG:__main__:Fold 6 - Model Ensemble_Voting: ROC-AUC=0.4827201783723523, F1=0.8240343347639485, Acc=0.7071428571428572, Pre=0.8275862068965517, Rec=0.8205128205128205
DEBUG:__main__:Fold 7 - Model LRC: ROC-AUC=0.5815681902638424, F1=0.6417112299465241, Acc=0.5214285714285715, Pre=0.8571428571428571, Rec=0.5128205128205128
DEBUG:__main__:Fold 7 - Model RFC: ROC-AUC=0.5704199182460052, F1=0.889795918367347, Acc=0.8071428571428572, Pre=0.8515625, Rec=0.9316239316239316
DEBUG:__main__:Fold 7 - Model SVC: ROC-AUC=0.5730211817168338, F1=0.5060240963855421, Acc=0.4142857142857143, Pre=0.8571428571428571, Rec=0.358974358974359
DEBUG:__main__:Fold 7 - Model Ensemble_Voting: ROC-AUC=0.6038647342995169, F1=0.8677685950413223, Acc=0.7714285714285715, Pre=0.84, Rec=0.8974358974358975
DEBUG:__main__:Fold 8 - Model LRC: ROC-AUC=0.4619100706057228, F1=0.6387434554973822, Acc=0.5071428571428571, Pre=0.8243243243243243, Rec=0.5213675213675214
DEBUG:__main__:Fold 8 - Model RFC: ROC-AUC=0.5254552211073951, F1=0.8724279835390947, Acc=0.7785714285714286, Pre=0.8412698412698413, Rec=0.905982905982906
DEBUG:__main__:Fold 8 - Model SVC: ROC-AUC=0.431438127090301, F1=0.6354166666666666, Acc=0.5, Pre=0.8133333333333334, Rec=0.5213675213675214
DEBUG:__main__:Fold 8 - Model Ensemble_Voting: ROC-AUC=0.5013006317354144, F1=0.8571428571428571, Acc=0.7571428571428571, Pre=0.8429752066115702, Rec=0.8717948717948718
DEBUG:__main__:Fold 9 - Model LRC: ROC-AUC=0.4700854700854701, F1=0.6054054054054054, Acc=0.4785714285714286, Pre=0.8235294117647058, Rec=0.47863247863247865
DEBUG:__main__:Fold 9 - Model RFC: ROC-AUC=0.5667038275733928, F1=0.8780487804878049, Acc=0.7857142857142857, Pre=0.8372093023255814, Rec=0.9230769230769231
DEBUG:__main__:Fold 9 - Model SVC: ROC-AUC=0.4697138610182089, F1=0.576271186440678, Acc=0.4642857142857143, Pre=0.85, Rec=0.4358974358974359
DEBUG:__main__:Fold 9 - Model Ensemble_Voting: ROC-AUC=0.5380899293942771, F1=0.8702928870292888, Acc=0.7785714285714286, Pre=0.8524590163934426, Rec=0.8888888888888888
DEBUG:__main__:
DEBUG:__main__:[Step-2] Selecionando Melhor Modelo
DEBUG:__main__:
DEBUG:__main__:Best Model RFC
DEBUG:__main__:
DEBUG:__main__:[Step-3] Criando o Modelo Final
DEBUG:__main__:best RFC: ROC-AUC=0.5719063545150502, F1=0.8770491803278688, Acc=0.7857142857142857, Pre=0.84251968503937, Rec=0.9145299145299145
